[0.458s] Invoking command in '/home/fazal/Documents/dev/phnx_ws/src/road_detectors/obj_detector_ai': PYTHONPATH=/home/fazal/Documents/dev/phnx_ws/src/road_detectors/build/obj_detector_ai/prefix_override:/usr/lib/python3/dist-packages/colcon_core/task/python/colcon_distutils_commands:/home/fazal/Documents/dev/phnx_ws/src/road_detectors/install/obj_detector_ai/lib/python3.10/site-packages:${PYTHONPATH} /usr/bin/python3 -W ignore:setup.py install is deprecated -W ignore:easy_install command is deprecated setup.py egg_info --egg-base ../build/obj_detector_ai build --build-base /home/fazal/Documents/dev/phnx_ws/src/road_detectors/build/obj_detector_ai/build install --record /home/fazal/Documents/dev/phnx_ws/src/road_detectors/build/obj_detector_ai/install.log --single-version-externally-managed install_data
[0.576s] running egg_info
[0.577s] writing ../build/obj_detector_ai/obj_detector_ai.egg-info/PKG-INFO
[0.577s] writing dependency_links to ../build/obj_detector_ai/obj_detector_ai.egg-info/dependency_links.txt
[0.577s] writing entry points to ../build/obj_detector_ai/obj_detector_ai.egg-info/entry_points.txt
[0.577s] writing requirements to ../build/obj_detector_ai/obj_detector_ai.egg-info/requires.txt
[0.577s] writing top-level names to ../build/obj_detector_ai/obj_detector_ai.egg-info/top_level.txt
[0.578s] reading manifest file '../build/obj_detector_ai/obj_detector_ai.egg-info/SOURCES.txt'
[0.578s] writing manifest file '../build/obj_detector_ai/obj_detector_ai.egg-info/SOURCES.txt'
[0.578s] running build
[0.578s] running build_py
[0.579s] running install
[0.579s] running install_lib
[0.579s] running install_data
[0.579s] running install_egg_info
[0.580s] removing '/home/fazal/Documents/dev/phnx_ws/src/road_detectors/install/obj_detector_ai/lib/python3.10/site-packages/obj_detector_ai-0.0.0-py3.10.egg-info' (and everything under it)
[0.580s] Copying ../build/obj_detector_ai/obj_detector_ai.egg-info to /home/fazal/Documents/dev/phnx_ws/src/road_detectors/install/obj_detector_ai/lib/python3.10/site-packages/obj_detector_ai-0.0.0-py3.10.egg-info
[0.581s] running install_scripts
[0.591s] Installing image_publisher_node script to /home/fazal/Documents/dev/phnx_ws/src/road_detectors/install/obj_detector_ai/lib/obj_detector_ai
[0.591s] Installing image_publisher_nodeTest script to /home/fazal/Documents/dev/phnx_ws/src/road_detectors/install/obj_detector_ai/lib/obj_detector_ai
[0.591s] Installing image_save_node script to /home/fazal/Documents/dev/phnx_ws/src/road_detectors/install/obj_detector_ai/lib/obj_detector_ai
[0.591s] Installing obj_detector_ai script to /home/fazal/Documents/dev/phnx_ws/src/road_detectors/install/obj_detector_ai/lib/obj_detector_ai
[0.591s] Installing yolo_publisher_node script to /home/fazal/Documents/dev/phnx_ws/src/road_detectors/install/obj_detector_ai/lib/obj_detector_ai
[0.592s] Installing yolo_subscriber_node script to /home/fazal/Documents/dev/phnx_ws/src/road_detectors/install/obj_detector_ai/lib/obj_detector_ai
[0.592s] Installing yolo_subscriber_node_new script to /home/fazal/Documents/dev/phnx_ws/src/road_detectors/install/obj_detector_ai/lib/obj_detector_ai
[0.592s] writing list of installed files to '/home/fazal/Documents/dev/phnx_ws/src/road_detectors/build/obj_detector_ai/install.log'
[0.603s] Invoked command in '/home/fazal/Documents/dev/phnx_ws/src/road_detectors/obj_detector_ai' returned '0': PYTHONPATH=/home/fazal/Documents/dev/phnx_ws/src/road_detectors/build/obj_detector_ai/prefix_override:/usr/lib/python3/dist-packages/colcon_core/task/python/colcon_distutils_commands:/home/fazal/Documents/dev/phnx_ws/src/road_detectors/install/obj_detector_ai/lib/python3.10/site-packages:${PYTHONPATH} /usr/bin/python3 -W ignore:setup.py install is deprecated -W ignore:easy_install command is deprecated setup.py egg_info --egg-base ../build/obj_detector_ai build --build-base /home/fazal/Documents/dev/phnx_ws/src/road_detectors/build/obj_detector_ai/build install --record /home/fazal/Documents/dev/phnx_ws/src/road_detectors/build/obj_detector_ai/install.log --single-version-externally-managed install_data
