running egg_info
creating ../build/obj_detector_cv/obj_detector_cv.egg-info
writing ../build/obj_detector_cv/obj_detector_cv.egg-info/PKG-INFO
writing dependency_links to ../build/obj_detector_cv/obj_detector_cv.egg-info/dependency_links.txt
writing entry points to ../build/obj_detector_cv/obj_detector_cv.egg-info/entry_points.txt
writing requirements to ../build/obj_detector_cv/obj_detector_cv.egg-info/requires.txt
writing top-level names to ../build/obj_detector_cv/obj_detector_cv.egg-info/top_level.txt
writing manifest file '../build/obj_detector_cv/obj_detector_cv.egg-info/SOURCES.txt'
reading manifest file '../build/obj_detector_cv/obj_detector_cv.egg-info/SOURCES.txt'
writing manifest file '../build/obj_detector_cv/obj_detector_cv.egg-info/SOURCES.txt'
running build
running build_py
creating /home/fazal/Documents/dev/phnx_ws/src/road_detectors/build/obj_detector_cv/build
creating /home/fazal/Documents/dev/phnx_ws/src/road_detectors/build/obj_detector_cv/build/lib
creating /home/fazal/Documents/dev/phnx_ws/src/road_detectors/build/obj_detector_cv/build/lib/obj_detector_cv
copying obj_detector_cv/cv_subscriber.py -> /home/fazal/Documents/dev/phnx_ws/src/road_detectors/build/obj_detector_cv/build/lib/obj_detector_cv
copying obj_detector_cv/obj_detector_cv.py -> /home/fazal/Documents/dev/phnx_ws/src/road_detectors/build/obj_detector_cv/build/lib/obj_detector_cv
copying obj_detector_cv/cv_backend.py -> /home/fazal/Documents/dev/phnx_ws/src/road_detectors/build/obj_detector_cv/build/lib/obj_detector_cv
copying obj_detector_cv/__init__.py -> /home/fazal/Documents/dev/phnx_ws/src/road_detectors/build/obj_detector_cv/build/lib/obj_detector_cv
running install
running install_lib
creating /home/fazal/Documents/dev/phnx_ws/src/road_detectors/install/obj_detector_cv/lib/python3.10/site-packages/obj_detector_cv
copying /home/fazal/Documents/dev/phnx_ws/src/road_detectors/build/obj_detector_cv/build/lib/obj_detector_cv/cv_subscriber.py -> /home/fazal/Documents/dev/phnx_ws/src/road_detectors/install/obj_detector_cv/lib/python3.10/site-packages/obj_detector_cv
copying /home/fazal/Documents/dev/phnx_ws/src/road_detectors/build/obj_detector_cv/build/lib/obj_detector_cv/obj_detector_cv.py -> /home/fazal/Documents/dev/phnx_ws/src/road_detectors/install/obj_detector_cv/lib/python3.10/site-packages/obj_detector_cv
copying /home/fazal/Documents/dev/phnx_ws/src/road_detectors/build/obj_detector_cv/build/lib/obj_detector_cv/cv_backend.py -> /home/fazal/Documents/dev/phnx_ws/src/road_detectors/install/obj_detector_cv/lib/python3.10/site-packages/obj_detector_cv
copying /home/fazal/Documents/dev/phnx_ws/src/road_detectors/build/obj_detector_cv/build/lib/obj_detector_cv/__init__.py -> /home/fazal/Documents/dev/phnx_ws/src/road_detectors/install/obj_detector_cv/lib/python3.10/site-packages/obj_detector_cv
byte-compiling /home/fazal/Documents/dev/phnx_ws/src/road_detectors/install/obj_detector_cv/lib/python3.10/site-packages/obj_detector_cv/cv_subscriber.py to cv_subscriber.cpython-310.pyc
byte-compiling /home/fazal/Documents/dev/phnx_ws/src/road_detectors/install/obj_detector_cv/lib/python3.10/site-packages/obj_detector_cv/obj_detector_cv.py to obj_detector_cv.cpython-310.pyc
byte-compiling /home/fazal/Documents/dev/phnx_ws/src/road_detectors/install/obj_detector_cv/lib/python3.10/site-packages/obj_detector_cv/cv_backend.py to cv_backend.cpython-310.pyc
byte-compiling /home/fazal/Documents/dev/phnx_ws/src/road_detectors/install/obj_detector_cv/lib/python3.10/site-packages/obj_detector_cv/__init__.py to __init__.cpython-310.pyc
running install_data
creating /home/fazal/Documents/dev/phnx_ws/src/road_detectors/install/obj_detector_cv/share/ament_index
creating /home/fazal/Documents/dev/phnx_ws/src/road_detectors/install/obj_detector_cv/share/ament_index/resource_index
creating /home/fazal/Documents/dev/phnx_ws/src/road_detectors/install/obj_detector_cv/share/ament_index/resource_index/packages
copying resource/obj_detector_cv -> /home/fazal/Documents/dev/phnx_ws/src/road_detectors/install/obj_detector_cv/share/ament_index/resource_index/packages
copying package.xml -> /home/fazal/Documents/dev/phnx_ws/src/road_detectors/install/obj_detector_cv/share/obj_detector_cv
running install_egg_info
Copying ../build/obj_detector_cv/obj_detector_cv.egg-info to /home/fazal/Documents/dev/phnx_ws/src/road_detectors/install/obj_detector_cv/lib/python3.10/site-packages/obj_detector_cv-0.0.0-py3.10.egg-info
running install_scripts
Installing cv_backend script to /home/fazal/Documents/dev/phnx_ws/src/road_detectors/install/obj_detector_cv/lib/obj_detector_cv
Installing cv_publisher script to /home/fazal/Documents/dev/phnx_ws/src/road_detectors/install/obj_detector_cv/lib/obj_detector_cv
Installing cv_subscriber script to /home/fazal/Documents/dev/phnx_ws/src/road_detectors/install/obj_detector_cv/lib/obj_detector_cv
Installing obj_detector_cv script to /home/fazal/Documents/dev/phnx_ws/src/road_detectors/install/obj_detector_cv/lib/obj_detector_cv
writing list of installed files to '/home/fazal/Documents/dev/phnx_ws/src/road_detectors/build/obj_detector_cv/install.log'
