[0.506s] Invoking command in '/home/fazal/Documents/dev/phnx_ws/src/road_detectors/obj_detector_cv': PYTHONPATH=/home/fazal/Documents/dev/phnx_ws/src/road_detectors/build/obj_detector_cv/prefix_override:/usr/lib/python3/dist-packages/colcon_core/task/python/colcon_distutils_commands:/home/fazal/Documents/dev/phnx_ws/src/road_detectors/install/obj_detector_cv/lib/python3.10/site-packages:${PYTHONPATH} /usr/bin/python3 -W ignore:setup.py install is deprecated -W ignore:easy_install command is deprecated setup.py egg_info --egg-base ../build/obj_detector_cv build --build-base /home/fazal/Documents/dev/phnx_ws/src/road_detectors/build/obj_detector_cv/build install --record /home/fazal/Documents/dev/phnx_ws/src/road_detectors/build/obj_detector_cv/install.log --single-version-externally-managed install_data
[0.641s] running egg_info
[0.642s] creating ../build/obj_detector_cv/obj_detector_cv.egg-info
[0.642s] writing ../build/obj_detector_cv/obj_detector_cv.egg-info/PKG-INFO
[0.642s] writing dependency_links to ../build/obj_detector_cv/obj_detector_cv.egg-info/dependency_links.txt
[0.642s] writing entry points to ../build/obj_detector_cv/obj_detector_cv.egg-info/entry_points.txt
[0.642s] writing requirements to ../build/obj_detector_cv/obj_detector_cv.egg-info/requires.txt
[0.642s] writing top-level names to ../build/obj_detector_cv/obj_detector_cv.egg-info/top_level.txt
[0.642s] writing manifest file '../build/obj_detector_cv/obj_detector_cv.egg-info/SOURCES.txt'
[0.643s] reading manifest file '../build/obj_detector_cv/obj_detector_cv.egg-info/SOURCES.txt'
[0.643s] writing manifest file '../build/obj_detector_cv/obj_detector_cv.egg-info/SOURCES.txt'
[0.643s] running build
[0.643s] running build_py
[0.644s] creating /home/fazal/Documents/dev/phnx_ws/src/road_detectors/build/obj_detector_cv/build
[0.644s] creating /home/fazal/Documents/dev/phnx_ws/src/road_detectors/build/obj_detector_cv/build/lib
[0.644s] creating /home/fazal/Documents/dev/phnx_ws/src/road_detectors/build/obj_detector_cv/build/lib/obj_detector_cv
[0.644s] copying obj_detector_cv/cv_subscriber.py -> /home/fazal/Documents/dev/phnx_ws/src/road_detectors/build/obj_detector_cv/build/lib/obj_detector_cv
[0.644s] copying obj_detector_cv/obj_detector_cv.py -> /home/fazal/Documents/dev/phnx_ws/src/road_detectors/build/obj_detector_cv/build/lib/obj_detector_cv
[0.644s] copying obj_detector_cv/cv_backend.py -> /home/fazal/Documents/dev/phnx_ws/src/road_detectors/build/obj_detector_cv/build/lib/obj_detector_cv
[0.644s] copying obj_detector_cv/__init__.py -> /home/fazal/Documents/dev/phnx_ws/src/road_detectors/build/obj_detector_cv/build/lib/obj_detector_cv
[0.644s] running install
[0.644s] running install_lib
[0.644s] creating /home/fazal/Documents/dev/phnx_ws/src/road_detectors/install/obj_detector_cv/lib/python3.10/site-packages/obj_detector_cv
[0.644s] copying /home/fazal/Documents/dev/phnx_ws/src/road_detectors/build/obj_detector_cv/build/lib/obj_detector_cv/cv_subscriber.py -> /home/fazal/Documents/dev/phnx_ws/src/road_detectors/install/obj_detector_cv/lib/python3.10/site-packages/obj_detector_cv
[0.644s] copying /home/fazal/Documents/dev/phnx_ws/src/road_detectors/build/obj_detector_cv/build/lib/obj_detector_cv/obj_detector_cv.py -> /home/fazal/Documents/dev/phnx_ws/src/road_detectors/install/obj_detector_cv/lib/python3.10/site-packages/obj_detector_cv
[0.644s] copying /home/fazal/Documents/dev/phnx_ws/src/road_detectors/build/obj_detector_cv/build/lib/obj_detector_cv/cv_backend.py -> /home/fazal/Documents/dev/phnx_ws/src/road_detectors/install/obj_detector_cv/lib/python3.10/site-packages/obj_detector_cv
[0.644s] copying /home/fazal/Documents/dev/phnx_ws/src/road_detectors/build/obj_detector_cv/build/lib/obj_detector_cv/__init__.py -> /home/fazal/Documents/dev/phnx_ws/src/road_detectors/install/obj_detector_cv/lib/python3.10/site-packages/obj_detector_cv
[0.644s] byte-compiling /home/fazal/Documents/dev/phnx_ws/src/road_detectors/install/obj_detector_cv/lib/python3.10/site-packages/obj_detector_cv/cv_subscriber.py to cv_subscriber.cpython-310.pyc
[0.645s] byte-compiling /home/fazal/Documents/dev/phnx_ws/src/road_detectors/install/obj_detector_cv/lib/python3.10/site-packages/obj_detector_cv/obj_detector_cv.py to obj_detector_cv.cpython-310.pyc
[0.645s] byte-compiling /home/fazal/Documents/dev/phnx_ws/src/road_detectors/install/obj_detector_cv/lib/python3.10/site-packages/obj_detector_cv/cv_backend.py to cv_backend.cpython-310.pyc
[0.646s] byte-compiling /home/fazal/Documents/dev/phnx_ws/src/road_detectors/install/obj_detector_cv/lib/python3.10/site-packages/obj_detector_cv/__init__.py to __init__.cpython-310.pyc
[0.646s] running install_data
[0.646s] creating /home/fazal/Documents/dev/phnx_ws/src/road_detectors/install/obj_detector_cv/share/ament_index
[0.646s] creating /home/fazal/Documents/dev/phnx_ws/src/road_detectors/install/obj_detector_cv/share/ament_index/resource_index
[0.646s] creating /home/fazal/Documents/dev/phnx_ws/src/road_detectors/install/obj_detector_cv/share/ament_index/resource_index/packages
[0.646s] copying resource/obj_detector_cv -> /home/fazal/Documents/dev/phnx_ws/src/road_detectors/install/obj_detector_cv/share/ament_index/resource_index/packages
[0.646s] copying package.xml -> /home/fazal/Documents/dev/phnx_ws/src/road_detectors/install/obj_detector_cv/share/obj_detector_cv
[0.646s] running install_egg_info
[0.647s] Copying ../build/obj_detector_cv/obj_detector_cv.egg-info to /home/fazal/Documents/dev/phnx_ws/src/road_detectors/install/obj_detector_cv/lib/python3.10/site-packages/obj_detector_cv-0.0.0-py3.10.egg-info
[0.647s] running install_scripts
[0.660s] Installing cv_backend script to /home/fazal/Documents/dev/phnx_ws/src/road_detectors/install/obj_detector_cv/lib/obj_detector_cv
[0.660s] Installing cv_publisher script to /home/fazal/Documents/dev/phnx_ws/src/road_detectors/install/obj_detector_cv/lib/obj_detector_cv
[0.660s] Installing cv_subscriber script to /home/fazal/Documents/dev/phnx_ws/src/road_detectors/install/obj_detector_cv/lib/obj_detector_cv
[0.660s] Installing obj_detector_cv script to /home/fazal/Documents/dev/phnx_ws/src/road_detectors/install/obj_detector_cv/lib/obj_detector_cv
[0.660s] writing list of installed files to '/home/fazal/Documents/dev/phnx_ws/src/road_detectors/build/obj_detector_cv/install.log'
[0.672s] Invoked command in '/home/fazal/Documents/dev/phnx_ws/src/road_detectors/obj_detector_cv' returned '0': PYTHONPATH=/home/fazal/Documents/dev/phnx_ws/src/road_detectors/build/obj_detector_cv/prefix_override:/usr/lib/python3/dist-packages/colcon_core/task/python/colcon_distutils_commands:/home/fazal/Documents/dev/phnx_ws/src/road_detectors/install/obj_detector_cv/lib/python3.10/site-packages:${PYTHONPATH} /usr/bin/python3 -W ignore:setup.py install is deprecated -W ignore:easy_install command is deprecated setup.py egg_info --egg-base ../build/obj_detector_cv build --build-base /home/fazal/Documents/dev/phnx_ws/src/road_detectors/build/obj_detector_cv/build install --record /home/fazal/Documents/dev/phnx_ws/src/road_detectors/build/obj_detector_cv/install.log --single-version-externally-managed install_data
