[0.452s] Invoking command in '/home/fazal/Documents/dev/phnx_ws/src/road_detectors/obj_detector_cv': PYTHONPATH=/home/fazal/Documents/dev/phnx_ws/src/road_detectors/build/obj_detector_cv/prefix_override:/usr/lib/python3/dist-packages/colcon_core/task/python/colcon_distutils_commands:/home/fazal/Documents/dev/phnx_ws/src/road_detectors/install/obj_detector_cv/lib/python3.10/site-packages:${PYTHONPATH} /usr/bin/python3 -W ignore:setup.py install is deprecated -W ignore:easy_install command is deprecated setup.py egg_info --egg-base ../build/obj_detector_cv build --build-base /home/fazal/Documents/dev/phnx_ws/src/road_detectors/build/obj_detector_cv/build install --record /home/fazal/Documents/dev/phnx_ws/src/road_detectors/build/obj_detector_cv/install.log --single-version-externally-managed install_data
[0.569s] running egg_info
[0.569s] writing ../build/obj_detector_cv/obj_detector_cv.egg-info/PKG-INFO
[0.569s] writing dependency_links to ../build/obj_detector_cv/obj_detector_cv.egg-info/dependency_links.txt
[0.569s] writing entry points to ../build/obj_detector_cv/obj_detector_cv.egg-info/entry_points.txt
[0.569s] writing requirements to ../build/obj_detector_cv/obj_detector_cv.egg-info/requires.txt
[0.569s] writing top-level names to ../build/obj_detector_cv/obj_detector_cv.egg-info/top_level.txt
[0.570s] reading manifest file '../build/obj_detector_cv/obj_detector_cv.egg-info/SOURCES.txt'
[0.570s] writing manifest file '../build/obj_detector_cv/obj_detector_cv.egg-info/SOURCES.txt'
[0.570s] running build
[0.570s] running build_py
[0.570s] copying obj_detector_cv/cv_backend.py -> /home/fazal/Documents/dev/phnx_ws/src/road_detectors/build/obj_detector_cv/build/lib/obj_detector_cv
[0.570s] running install
[0.570s] running install_lib
[0.571s] copying /home/fazal/Documents/dev/phnx_ws/src/road_detectors/build/obj_detector_cv/build/lib/obj_detector_cv/cv_backend.py -> /home/fazal/Documents/dev/phnx_ws/src/road_detectors/install/obj_detector_cv/lib/python3.10/site-packages/obj_detector_cv
[0.571s] byte-compiling /home/fazal/Documents/dev/phnx_ws/src/road_detectors/install/obj_detector_cv/lib/python3.10/site-packages/obj_detector_cv/cv_backend.py to cv_backend.cpython-310.pyc
[0.572s] running install_data
[0.572s] running install_egg_info
[0.573s] removing '/home/fazal/Documents/dev/phnx_ws/src/road_detectors/install/obj_detector_cv/lib/python3.10/site-packages/obj_detector_cv-0.0.0-py3.10.egg-info' (and everything under it)
[0.573s] Copying ../build/obj_detector_cv/obj_detector_cv.egg-info to /home/fazal/Documents/dev/phnx_ws/src/road_detectors/install/obj_detector_cv/lib/python3.10/site-packages/obj_detector_cv-0.0.0-py3.10.egg-info
[0.573s] running install_scripts
[0.583s] Installing cv_backend script to /home/fazal/Documents/dev/phnx_ws/src/road_detectors/install/obj_detector_cv/lib/obj_detector_cv
[0.583s] Installing cv_publisher script to /home/fazal/Documents/dev/phnx_ws/src/road_detectors/install/obj_detector_cv/lib/obj_detector_cv
[0.583s] Installing cv_subscriber script to /home/fazal/Documents/dev/phnx_ws/src/road_detectors/install/obj_detector_cv/lib/obj_detector_cv
[0.584s] Installing obj_detector_cv script to /home/fazal/Documents/dev/phnx_ws/src/road_detectors/install/obj_detector_cv/lib/obj_detector_cv
[0.584s] writing list of installed files to '/home/fazal/Documents/dev/phnx_ws/src/road_detectors/build/obj_detector_cv/install.log'
[0.599s] Invoked command in '/home/fazal/Documents/dev/phnx_ws/src/road_detectors/obj_detector_cv' returned '0': PYTHONPATH=/home/fazal/Documents/dev/phnx_ws/src/road_detectors/build/obj_detector_cv/prefix_override:/usr/lib/python3/dist-packages/colcon_core/task/python/colcon_distutils_commands:/home/fazal/Documents/dev/phnx_ws/src/road_detectors/install/obj_detector_cv/lib/python3.10/site-packages:${PYTHONPATH} /usr/bin/python3 -W ignore:setup.py install is deprecated -W ignore:easy_install command is deprecated setup.py egg_info --egg-base ../build/obj_detector_cv build --build-base /home/fazal/Documents/dev/phnx_ws/src/road_detectors/build/obj_detector_cv/build install --record /home/fazal/Documents/dev/phnx_ws/src/road_detectors/build/obj_detector_cv/install.log --single-version-externally-managed install_data
