/home/fazal/Documents/dev/phnx_ws/src/road_detectors/install/obj_detector_ai/lib/python3.10/site-packages/obj_detector_ai/save_img.py
/home/fazal/Documents/dev/phnx_ws/src/road_detectors/install/obj_detector_ai/lib/python3.10/site-packages/obj_detector_ai/yolo_publisher_node.py
/home/fazal/Documents/dev/phnx_ws/src/road_detectors/install/obj_detector_ai/lib/python3.10/site-packages/obj_detector_ai/obj_detector_ai.py
/home/fazal/Documents/dev/phnx_ws/src/road_detectors/install/obj_detector_ai/lib/python3.10/site-packages/obj_detector_ai/yolo_subscriber_node_new.py
/home/fazal/Documents/dev/phnx_ws/src/road_detectors/install/obj_detector_ai/lib/python3.10/site-packages/obj_detector_ai/__init__.py
/home/fazal/Documents/dev/phnx_ws/src/road_detectors/install/obj_detector_ai/lib/python3.10/site-packages/obj_detector_ai/weights/last.pt
/home/fazal/Documents/dev/phnx_ws/src/road_detectors/install/obj_detector_ai/lib/python3.10/site-packages/obj_detector_ai/weights/best.pt
/home/fazal/Documents/dev/phnx_ws/src/road_detectors/install/obj_detector_ai/lib/python3.10/site-packages/obj_detector_ai/weights/bestJ.pt
/home/fazal/Documents/dev/phnx_ws/src/road_detectors/install/obj_detector_ai/lib/python3.10/site-packages/obj_detector_ai/weights/bestBERTO.pt
/home/fazal/Documents/dev/phnx_ws/src/road_detectors/install/obj_detector_ai/lib/python3.10/site-packages/obj_detector_ai/__pycache__/save_img.cpython-310.pyc
/home/fazal/Documents/dev/phnx_ws/src/road_detectors/install/obj_detector_ai/lib/python3.10/site-packages/obj_detector_ai/__pycache__/yolo_publisher_node.cpython-310.pyc
/home/fazal/Documents/dev/phnx_ws/src/road_detectors/install/obj_detector_ai/lib/python3.10/site-packages/obj_detector_ai/__pycache__/obj_detector_ai.cpython-310.pyc
/home/fazal/Documents/dev/phnx_ws/src/road_detectors/install/obj_detector_ai/lib/python3.10/site-packages/obj_detector_ai/__pycache__/yolo_subscriber_node_new.cpython-310.pyc
/home/fazal/Documents/dev/phnx_ws/src/road_detectors/install/obj_detector_ai/lib/python3.10/site-packages/obj_detector_ai/__pycache__/__init__.cpython-310.pyc
/home/fazal/Documents/dev/phnx_ws/src/road_detectors/install/obj_detector_ai/share/ament_index/resource_index/packages/obj_detector_ai
/home/fazal/Documents/dev/phnx_ws/src/road_detectors/install/obj_detector_ai/share/obj_detector_ai/package.xml
/home/fazal/Documents/dev/phnx_ws/src/road_detectors/install/obj_detector_ai/lib/python3.10/site-packages/obj_detector_ai-0.0.0-py3.10.egg-info/entry_points.txt
/home/fazal/Documents/dev/phnx_ws/src/road_detectors/install/obj_detector_ai/lib/python3.10/site-packages/obj_detector_ai-0.0.0-py3.10.egg-info/zip-safe
/home/fazal/Documents/dev/phnx_ws/src/road_detectors/install/obj_detector_ai/lib/python3.10/site-packages/obj_detector_ai-0.0.0-py3.10.egg-info/dependency_links.txt
/home/fazal/Documents/dev/phnx_ws/src/road_detectors/install/obj_detector_ai/lib/python3.10/site-packages/obj_detector_ai-0.0.0-py3.10.egg-info/PKG-INFO
/home/fazal/Documents/dev/phnx_ws/src/road_detectors/install/obj_detector_ai/lib/python3.10/site-packages/obj_detector_ai-0.0.0-py3.10.egg-info/top_level.txt
/home/fazal/Documents/dev/phnx_ws/src/road_detectors/install/obj_detector_ai/lib/python3.10/site-packages/obj_detector_ai-0.0.0-py3.10.egg-info/requires.txt
/home/fazal/Documents/dev/phnx_ws/src/road_detectors/install/obj_detector_ai/lib/python3.10/site-packages/obj_detector_ai-0.0.0-py3.10.egg-info/SOURCES.txt
/home/fazal/Documents/dev/phnx_ws/src/road_detectors/install/obj_detector_ai/lib/obj_detector_ai/image_publisher_node
/home/fazal/Documents/dev/phnx_ws/src/road_detectors/install/obj_detector_ai/lib/obj_detector_ai/image_publisher_nodeTest
/home/fazal/Documents/dev/phnx_ws/src/road_detectors/install/obj_detector_ai/lib/obj_detector_ai/image_save_node
/home/fazal/Documents/dev/phnx_ws/src/road_detectors/install/obj_detector_ai/lib/obj_detector_ai/obj_detector_ai
/home/fazal/Documents/dev/phnx_ws/src/road_detectors/install/obj_detector_ai/lib/obj_detector_ai/yolo_publisher_node
/home/fazal/Documents/dev/phnx_ws/src/road_detectors/install/obj_detector_ai/lib/obj_detector_ai/yolo_subscriber_node
/home/fazal/Documents/dev/phnx_ws/src/road_detectors/install/obj_detector_ai/lib/obj_detector_ai/yolo_subscriber_node_new
