running egg_info
writing ../build/obj_detector_cv/obj_detector_cv.egg-info/PKG-INFO
writing dependency_links to ../build/obj_detector_cv/obj_detector_cv.egg-info/dependency_links.txt
writing entry points to ../build/obj_detector_cv/obj_detector_cv.egg-info/entry_points.txt
writing requirements to ../build/obj_detector_cv/obj_detector_cv.egg-info/requires.txt
writing top-level names to ../build/obj_detector_cv/obj_detector_cv.egg-info/top_level.txt
reading manifest file '../build/obj_detector_cv/obj_detector_cv.egg-info/SOURCES.txt'
writing manifest file '../build/obj_detector_cv/obj_detector_cv.egg-info/SOURCES.txt'
running build
running build_py
copying obj_detector_cv/cv_backend.py -> /home/fazal/Documents/dev/phnx_ws/src/road_detectors/build/obj_detector_cv/build/lib/obj_detector_cv
running install
running install_lib
copying /home/fazal/Documents/dev/phnx_ws/src/road_detectors/build/obj_detector_cv/build/lib/obj_detector_cv/cv_backend.py -> /home/fazal/Documents/dev/phnx_ws/src/road_detectors/install/obj_detector_cv/lib/python3.10/site-packages/obj_detector_cv
byte-compiling /home/fazal/Documents/dev/phnx_ws/src/road_detectors/install/obj_detector_cv/lib/python3.10/site-packages/obj_detector_cv/cv_backend.py to cv_backend.cpython-310.pyc
running install_data
running install_egg_info
removing '/home/fazal/Documents/dev/phnx_ws/src/road_detectors/install/obj_detector_cv/lib/python3.10/site-packages/obj_detector_cv-0.0.0-py3.10.egg-info' (and everything under it)
Copying ../build/obj_detector_cv/obj_detector_cv.egg-info to /home/fazal/Documents/dev/phnx_ws/src/road_detectors/install/obj_detector_cv/lib/python3.10/site-packages/obj_detector_cv-0.0.0-py3.10.egg-info
running install_scripts
Installing cv_backend script to /home/fazal/Documents/dev/phnx_ws/src/road_detectors/install/obj_detector_cv/lib/obj_detector_cv
Installing cv_publisher script to /home/fazal/Documents/dev/phnx_ws/src/road_detectors/install/obj_detector_cv/lib/obj_detector_cv
Installing cv_subscriber script to /home/fazal/Documents/dev/phnx_ws/src/road_detectors/install/obj_detector_cv/lib/obj_detector_cv
Installing obj_detector_cv script to /home/fazal/Documents/dev/phnx_ws/src/road_detectors/install/obj_detector_cv/lib/obj_detector_cv
writing list of installed files to '/home/fazal/Documents/dev/phnx_ws/src/road_detectors/build/obj_detector_cv/install.log'
