/home/fazal/Documents/dev/phnx_ws/src/road_detectors/install/obj_detector_cv/lib/python3.10/site-packages/obj_detector_cv/cv_subscriber.py
/home/fazal/Documents/dev/phnx_ws/src/road_detectors/install/obj_detector_cv/lib/python3.10/site-packages/obj_detector_cv/obj_detector_cv.py
/home/fazal/Documents/dev/phnx_ws/src/road_detectors/install/obj_detector_cv/lib/python3.10/site-packages/obj_detector_cv/cv_backend.py
/home/fazal/Documents/dev/phnx_ws/src/road_detectors/install/obj_detector_cv/lib/python3.10/site-packages/obj_detector_cv/__init__.py
/home/fazal/Documents/dev/phnx_ws/src/road_detectors/install/obj_detector_cv/lib/python3.10/site-packages/obj_detector_cv/__pycache__/cv_subscriber.cpython-310.pyc
/home/fazal/Documents/dev/phnx_ws/src/road_detectors/install/obj_detector_cv/lib/python3.10/site-packages/obj_detector_cv/__pycache__/obj_detector_cv.cpython-310.pyc
/home/fazal/Documents/dev/phnx_ws/src/road_detectors/install/obj_detector_cv/lib/python3.10/site-packages/obj_detector_cv/__pycache__/cv_backend.cpython-310.pyc
/home/fazal/Documents/dev/phnx_ws/src/road_detectors/install/obj_detector_cv/lib/python3.10/site-packages/obj_detector_cv/__pycache__/__init__.cpython-310.pyc
/home/fazal/Documents/dev/phnx_ws/src/road_detectors/install/obj_detector_cv/share/ament_index/resource_index/packages/obj_detector_cv
/home/fazal/Documents/dev/phnx_ws/src/road_detectors/install/obj_detector_cv/share/obj_detector_cv/package.xml
/home/fazal/Documents/dev/phnx_ws/src/road_detectors/install/obj_detector_cv/lib/python3.10/site-packages/obj_detector_cv-0.0.0-py3.10.egg-info/entry_points.txt
/home/fazal/Documents/dev/phnx_ws/src/road_detectors/install/obj_detector_cv/lib/python3.10/site-packages/obj_detector_cv-0.0.0-py3.10.egg-info/zip-safe
/home/fazal/Documents/dev/phnx_ws/src/road_detectors/install/obj_detector_cv/lib/python3.10/site-packages/obj_detector_cv-0.0.0-py3.10.egg-info/dependency_links.txt
/home/fazal/Documents/dev/phnx_ws/src/road_detectors/install/obj_detector_cv/lib/python3.10/site-packages/obj_detector_cv-0.0.0-py3.10.egg-info/PKG-INFO
/home/fazal/Documents/dev/phnx_ws/src/road_detectors/install/obj_detector_cv/lib/python3.10/site-packages/obj_detector_cv-0.0.0-py3.10.egg-info/top_level.txt
/home/fazal/Documents/dev/phnx_ws/src/road_detectors/install/obj_detector_cv/lib/python3.10/site-packages/obj_detector_cv-0.0.0-py3.10.egg-info/requires.txt
/home/fazal/Documents/dev/phnx_ws/src/road_detectors/install/obj_detector_cv/lib/python3.10/site-packages/obj_detector_cv-0.0.0-py3.10.egg-info/SOURCES.txt
/home/fazal/Documents/dev/phnx_ws/src/road_detectors/install/obj_detector_cv/lib/obj_detector_cv/cv_backend
/home/fazal/Documents/dev/phnx_ws/src/road_detectors/install/obj_detector_cv/lib/obj_detector_cv/cv_publisher
/home/fazal/Documents/dev/phnx_ws/src/road_detectors/install/obj_detector_cv/lib/obj_detector_cv/cv_subscriber
/home/fazal/Documents/dev/phnx_ws/src/road_detectors/install/obj_detector_cv/lib/obj_detector_cv/obj_detector_cv
