running egg_info
writing ../build/obj_detector_ai/obj_detector_ai.egg-info/PKG-INFO
writing dependency_links to ../build/obj_detector_ai/obj_detector_ai.egg-info/dependency_links.txt
writing entry points to ../build/obj_detector_ai/obj_detector_ai.egg-info/entry_points.txt
writing requirements to ../build/obj_detector_ai/obj_detector_ai.egg-info/requires.txt
writing top-level names to ../build/obj_detector_ai/obj_detector_ai.egg-info/top_level.txt
reading manifest file '../build/obj_detector_ai/obj_detector_ai.egg-info/SOURCES.txt'
writing manifest file '../build/obj_detector_ai/obj_detector_ai.egg-info/SOURCES.txt'
running build
running build_py
running install
running install_lib
running install_data
running install_egg_info
removing '/home/fazal/Documents/dev/phnx_ws/src/road_detectors/install/obj_detector_ai/lib/python3.10/site-packages/obj_detector_ai-0.0.0-py3.10.egg-info' (and everything under it)
Copying ../build/obj_detector_ai/obj_detector_ai.egg-info to /home/fazal/Documents/dev/phnx_ws/src/road_detectors/install/obj_detector_ai/lib/python3.10/site-packages/obj_detector_ai-0.0.0-py3.10.egg-info
running install_scripts
Installing image_publisher_node script to /home/fazal/Documents/dev/phnx_ws/src/road_detectors/install/obj_detector_ai/lib/obj_detector_ai
Installing image_publisher_nodeTest script to /home/fazal/Documents/dev/phnx_ws/src/road_detectors/install/obj_detector_ai/lib/obj_detector_ai
Installing image_save_node script to /home/fazal/Documents/dev/phnx_ws/src/road_detectors/install/obj_detector_ai/lib/obj_detector_ai
Installing obj_detector_ai script to /home/fazal/Documents/dev/phnx_ws/src/road_detectors/install/obj_detector_ai/lib/obj_detector_ai
Installing yolo_publisher_node script to /home/fazal/Documents/dev/phnx_ws/src/road_detectors/install/obj_detector_ai/lib/obj_detector_ai
Installing yolo_subscriber_node script to /home/fazal/Documents/dev/phnx_ws/src/road_detectors/install/obj_detector_ai/lib/obj_detector_ai
Installing yolo_subscriber_node_new script to /home/fazal/Documents/dev/phnx_ws/src/road_detectors/install/obj_detector_ai/lib/obj_detector_ai
writing list of installed files to '/home/fazal/Documents/dev/phnx_ws/src/road_detectors/build/obj_detector_ai/install.log'
